[debug] [2025-04-28T01:05:38.261Z] ----------------------------------------------------------------------
[debug] [2025-04-28T01:05:38.265Z] Command:       /usr/local/bin/firebase /Users/carlcarambas/.cache/firebase/tools/lib/node_modules/firebase-tools/lib/bin/firebase emulators:start --only functions
[debug] [2025-04-28T01:05:38.265Z] CLI Version:   14.2.0
[debug] [2025-04-28T01:05:38.265Z] Platform:      darwin
[debug] [2025-04-28T01:05:38.265Z] Node Version:  v20.18.2
[debug] [2025-04-28T01:05:38.266Z] Time:          Mon Apr 28 2025 09:05:38 GMT+0800 (Philippine Standard Time)
[debug] [2025-04-28T01:05:38.266Z] ----------------------------------------------------------------------
[debug] 
[debug] [2025-04-28T01:05:38.519Z] > command requires scopes: ["email","openid","https://www.googleapis.com/auth/cloudplatformprojects.readonly","https://www.googleapis.com/auth/firebase","https://www.googleapis.com/auth/cloud-platform"]
[debug] [2025-04-28T01:05:38.521Z] > authorizing via signed-in user (carlmark.carambas@gmail.com)
[info] i  emulators: Starting emulators: functions {"metadata":{"emulator":{"name":"hub"},"message":"Starting emulators: functions"}}
[debug] [2025-04-28T01:05:39.239Z] [logging] Logging Emulator only supports listening on one address (127.0.0.1). Not listening on ::1
[debug] [2025-04-28T01:05:39.240Z] assigned listening specs for emulators {"user":{"hub":[{"address":"127.0.0.1","family":"IPv4","port":4400},{"address":"::1","family":"IPv6","port":4400}],"ui":[{"address":"127.0.0.1","family":"IPv4","port":4000},{"address":"::1","family":"IPv6","port":4000}],"logging":[{"address":"127.0.0.1","family":"IPv4","port":4500}]},"metadata":{"message":"assigned listening specs for emulators"}}
[debug] [2025-04-28T01:05:39.248Z] [hub] writing locator at /var/folders/yl/5gkx8wds59x6c344rqjqc9t40000gq/T/hub-aero-racehub.json
[debug] [2025-04-28T01:05:40.005Z] [functions] Functions Emulator only supports listening on one address (127.0.0.1). Not listening on ::1
[debug] [2025-04-28T01:05:40.005Z] [eventarc] Eventarc Emulator only supports listening on one address (127.0.0.1). Not listening on ::1
[debug] [2025-04-28T01:05:40.005Z] [tasks] Cloud Tasks Emulator only supports listening on one address (127.0.0.1). Not listening on ::1
[debug] [2025-04-28T01:05:40.005Z] late-assigned ports for functions and eventarc emulators {"user":{"hub":[{"address":"127.0.0.1","family":"IPv4","port":4400},{"address":"::1","family":"IPv6","port":4400}],"ui":[{"address":"127.0.0.1","family":"IPv4","port":4000},{"address":"::1","family":"IPv6","port":4000}],"logging":[{"address":"127.0.0.1","family":"IPv4","port":4500}],"functions":[{"address":"127.0.0.1","family":"IPv4","port":5001}],"eventarc":[{"address":"127.0.0.1","family":"IPv4","port":9299}],"tasks":[{"address":"127.0.0.1","family":"IPv4","port":9499}]},"metadata":{"message":"late-assigned ports for functions and eventarc emulators"}}
[warn] ⚠  functions: The following emulators are not running, calls to these services from the Functions emulator will affect production: apphosting, auth, firestore, database, hosting, pubsub, storage, dataconnect {"metadata":{"emulator":{"name":"functions"},"message":"The following emulators are not running, calls to these services from the Functions emulator will affect production: \u001b[1mapphosting, auth, firestore, database, hosting, pubsub, storage, dataconnect\u001b[22m"}}
[warn] ⚠  functions: Application Default Credentials detected. Non-emulated services will access production using these credentials. Be careful! {"metadata":{"emulator":{"name":"functions"},"message":"Application Default Credentials detected. Non-emulated services will access production using these credentials. Be careful!"}}
[debug] [2025-04-28T01:05:48.446Z] Checked if tokens are valid: true, expires at: 1745805681800
[debug] [2025-04-28T01:05:48.446Z] Checked if tokens are valid: true, expires at: 1745805681800
[debug] [2025-04-28T01:05:48.447Z] >>> [apiv2][query] GET https://firebase.googleapis.com/v1beta1/projects/aero-racehub/adminSdkConfig [none]
[debug] [2025-04-28T01:05:49.011Z] <<< [apiv2][status] GET https://firebase.googleapis.com/v1beta1/projects/aero-racehub/adminSdkConfig 200
[debug] [2025-04-28T01:05:49.014Z] <<< [apiv2][body] GET https://firebase.googleapis.com/v1beta1/projects/aero-racehub/adminSdkConfig {"projectId":"aero-racehub","storageBucket":"aero-racehub.firebasestorage.app"}
[info] i  functions: Watching "/Users/carlcarambas/Development/Flexisource/apps/carl-onboarding/dist/apps/api" for Cloud Functions... {"metadata":{"emulator":{"name":"functions"},"message":"Watching \"/Users/carlcarambas/Development/Flexisource/apps/carl-onboarding/dist/apps/api\" for Cloud Functions..."}}
[debug] [2025-04-28T01:05:49.073Z] Validating nodejs source
[debug] [2025-04-28T01:05:49.090Z] checkFunctionsSDKVersion was unable to fetch information from NPM Error: spawnSync npm Unknown system error -8
    at Object.spawnSync (node:internal/child_process:1123:20)
    at Object.spawnSync (node:child_process:877:24)
    at Object.spawnSync (pkg/prelude/bootstrap.js:2092:31)
    at Function.spawnSync [as sync] (/Users/carlcarambas/.cache/firebase/tools/lib/node_modules/cross-spawn/index.js:26:23)
    at Object.getLatestSDKVersion (/Users/carlcarambas/.cache/firebase/tools/lib/node_modules/firebase-tools/lib/deploy/functions/runtimes/node/versioning.js:54:25)
    at Object.checkFunctionsSDKVersion (/Users/carlcarambas/.cache/firebase/tools/lib/node_modules/firebase-tools/lib/deploy/functions/runtimes/node/versioning.js:74:32)
    at Delegate.validate (/Users/carlcarambas/.cache/firebase/tools/lib/node_modules/firebase-tools/lib/deploy/functions/runtimes/node/index.js:86:20)
    at FunctionsEmulator.discoverTriggers (/Users/carlcarambas/.cache/firebase/tools/lib/node_modules/firebase-tools/lib/emulator/functionsEmulator.js:313:35)
    at async FunctionsEmulator.loadTriggers (/Users/carlcarambas/.cache/firebase/tools/lib/node_modules/firebase-tools/lib/emulator/functionsEmulator.js:353:34)
    at async FunctionsEmulator.connect (/Users/carlcarambas/.cache/firebase/tools/lib/node_modules/firebase-tools/lib/emulator/functionsEmulator.js:279:13)
[debug] [2025-04-28T01:05:49.092Z] > [functions] package.json contents: {
  "name": "api",
  "version": "0.0.1",
  "dependencies": {
    "@google-cloud/functions-framework": "3.5.1",
    "@nestjs/common": "10.4.17",
    "@nestjs/core": "10.4.17",
    "@nestjs/platform-express": "10.4.17",
    "@prisma/client": "6.6.0",
    "@ts-rest/core": "3.52.1",
    "@ts-rest/nest": "3.52.1",
    "cookie-parser": "1.4.7",
    "express": "5.1.0",
    "firebase-admin": "13.3.0",
    "firebase-functions": "6.3.2",
    "helmet": "8.1.0",
    "reflect-metadata": "0.1.14",
    "rxjs": "7.8.2",
    "zod": "3.24.3"
  },
  "main": "main.js"
}
[debug] [2025-04-28T01:05:49.092Z] Building nodejs source
[debug] [2025-04-28T01:05:49.093Z] Failed to find version of module node: reached end of search path /Users/carlcarambas/Development/Flexisource/apps/carl-onboarding/dist/apps/api/node_modules
[info] ✔  functions: Using node@20 from host. 
[info] i  functions: Loaded environment variables from .env. 
[debug] [2025-04-28T01:05:49.104Z] Could not find functions.yaml. Must use http discovery
[debug] [2025-04-28T01:05:49.114Z] Found firebase-functions binary at '/Users/carlcarambas/Development/Flexisource/apps/carl-onboarding/node_modules/.bin/firebase-functions'
[info] Serving at port 8389

[info] [Nest] 26064  - 04/28/2025, 1:05:50 AM     LOG 🚀 Starting firebase functions at api

[info] [Nest] 26064  - 04/28/2025, 1:05:50 AM     LOG [NestFactory] Starting Nest application... +5ms

[debug] [2025-04-28T01:05:50.912Z] Got response from /__/functions.yaml {"endpoints":{"api":{"availableMemoryMb":null,"timeoutSeconds":null,"minInstances":null,"maxInstances":null,"ingressSettings":null,"concurrency":null,"serviceAccountEmail":null,"vpc":null,"platform":"gcfv2","labels":{},"httpsTrigger":{},"entryPoint":"api"}},"specVersion":"v1alpha1","requiredAPIs":[],"extensions":{}}
[info] [Nest] 26064  - 04/28/2025, 1:05:50 AM     LOG [InstanceLoader] PrismaModule dependencies initialized +54ms

[info] [Nest] 26064  - 04/28/2025, 1:05:50 AM     LOG [InstanceLoader] AppModule dependencies initialized +26ms

[info] [Nest] 26064  - 04/28/2025, 1:05:50 AM     LOG [AuthController] AuthController constructor
[Nest] 26064  - 04/28/2025, 1:05:50 AM     LOG [InstanceLoader] PigeonModule dependencies initialized +0ms
[Nest] 26064  - 04/28/2025, 1:05:50 AM     LOG [InstanceLoader] AuthModule dependencies initialized +0ms

[info] [Nest] 26064  - 04/28/2025, 1:05:50 AM     LOG [RoutesResolver] AppController {/}: +9ms

[info] [Nest] 26064  - 04/28/2025, 1:05:50 AM     LOG [RouterExplorer] Mapped {/, GET} route +1ms

[info] [Nest] 26064  - 04/28/2025, 1:05:50 AM     LOG [RoutesResolver] PigeonsController {/pigeons}: +1ms

[info] [Nest] 26064  - 04/28/2025, 1:05:50 AM     LOG [RouterExplorer] Mapped {/pigeons, POST} route +1ms

[info] [Nest] 26064  - 04/28/2025, 1:05:50 AM     LOG [RouterExplorer] Mapped {/pigeons, GET} route +2ms

[info] [Nest] 26064  - 04/28/2025, 1:05:50 AM     LOG [RouterExplorer] Mapped {/pigeons/:id, GET} route +3ms

[info] [Nest] 26064  - 04/28/2025, 1:05:50 AM     LOG [RouterExplorer] Mapped {/pigeons/:id, PATCH} route +2ms

[info] [Nest] 26064  - 04/28/2025, 1:05:51 AM     LOG [RouterExplorer] Mapped {/pigeons/:id, DELETE} route +2ms

[info] [Nest] 26064  - 04/28/2025, 1:05:51 AM     LOG [RoutesResolver] AuthController {/auth}: +0ms

[info] [Nest] 26064  - 04/28/2025, 1:05:51 AM     LOG [RouterExplorer] Mapped {/auth/login, POST} route +2ms

[info] [Nest] 26064  - 04/28/2025, 1:05:53 AM     LOG [NestApplication] Nest application successfully started +2719ms

[info] [Nest] 26064  - 04/28/2025, 1:05:53 AM     LOG 🚀 Starting firebase functions

[info] ✔  functions: Loaded functions definitions from source: api. {"metadata":{"emulator":{"name":"functions"},"message":"Loaded functions definitions from source: api."}}
[info] ✔  functions[us-central1-api]: http function initialized (http://127.0.0.1:5001/aero-racehub/us-central1/api). {"metadata":{"emulator":{"name":"functions"},"message":"\u001b[1mhttp\u001b[22m function initialized (http://127.0.0.1:5001/aero-racehub/us-central1/api)."}}
[debug] [2025-04-28T01:05:55.062Z] Could not find VSCode notification endpoint: FetchError: request to http://localhost:40001/vscode/notify failed, reason: . If you are not running the Firebase Data Connect VSCode extension, this is expected and not an issue.
[info] 
┌─────────────────────────────────────────────────────────────┐
│ ✔  All emulators ready! It is now safe to connect your app. │
│ i  View Emulator UI at http://127.0.0.1:4000/               │
└─────────────────────────────────────────────────────────────┘

┌───────────┬────────────────┬─────────────────────────────────┐
│ Emulator  │ Host:Port      │ View in Emulator UI             │
├───────────┼────────────────┼─────────────────────────────────┤
│ Functions │ 127.0.0.1:5001 │ http://127.0.0.1:4000/functions │
└───────────┴────────────────┴─────────────────────────────────┘
  Emulator Hub host: 127.0.0.1 port: 4400
  Other reserved ports: 4500

Issues? Report them at https://github.com/firebase/firebase-tools/issues and attach the *-debug.log files.
 
[debug] [2025-04-28T01:06:18.838Z] [work-queue] {"queuedWork":["/aero-racehub/australia-southeast1/api/pigeons-2025-04-28T01:06:18.838Z"],"queueLength":1,"runningWork":[],"workRunningCount":0}
[debug] [2025-04-28T01:06:18.843Z] [work-queue] {"queuedWork":[],"queueLength":0,"runningWork":["/aero-racehub/australia-southeast1/api/pigeons-2025-04-28T01:06:18.838Z"],"workRunningCount":1}
[debug] [2025-04-28T01:06:18.849Z] [work-queue] {"queuedWork":[],"queueLength":0,"runningWork":[],"workRunningCount":0}
[debug] [2025-04-28T01:06:37.644Z] [work-queue] {"queuedWork":["/aero-racehub/us-central1/api/pigeons-2025-04-28T01:06:37.644Z"],"queueLength":1,"runningWork":[],"workRunningCount":0}
[debug] [2025-04-28T01:06:37.644Z] [work-queue] {"queuedWork":[],"queueLength":0,"runningWork":["/aero-racehub/us-central1/api/pigeons-2025-04-28T01:06:37.644Z"],"workRunningCount":1}
[debug] [2025-04-28T01:06:37.644Z] Accepted request GET /aero-racehub/us-central1/api/pigeons --> us-central1-api
[debug] [2025-04-28T01:06:37.651Z] [functions] Runtime ready! Sending request! {"metadata":{"emulator":{"name":"functions"},"message":"[functions] Runtime ready! Sending request!"}}
[debug] [2025-04-28T01:06:37.652Z] [functions] Got req.url=/aero-racehub/us-central1/api/pigeons, mapping to path=/pigeons {"metadata":{"emulator":{"name":"functions"},"message":"[functions] Got req.url=/aero-racehub/us-central1/api/pigeons, mapping to path=/pigeons"}}
[info] i  functions: Loaded environment variables from .env. 
[debug] [2025-04-28T01:06:37.661Z] [worker-pool] addWorker(us-central1-api) {"metadata":{"emulator":{"name":"functions"},"message":"[worker-pool] addWorker(us-central1-api)"}}
[debug] [2025-04-28T01:06:37.662Z] [worker-pool] Adding worker with key us-central1-api, total=1 {"metadata":{"emulator":{"name":"functions"},"message":"[worker-pool] Adding worker with key us-central1-api, total=1"}}
[debug] [2025-04-28T01:06:38.658Z] [runtime-status] [26117] Resolved module firebase-admin {"declared":true,"installed":true,"version":"13.3.0","resolution":"/Users/carlcarambas/Development/Flexisource/apps/carl-onboarding/node_modules/firebase-admin/lib/index.js"} {"metadata":{"emulator":{"name":"functions"},"function":{"name":"us-central1-api"},"extension":{},"message":"[runtime-status] [26117] Resolved module firebase-admin {\"declared\":true,\"installed\":true,\"version\":\"13.3.0\",\"resolution\":\"/Users/carlcarambas/Development/Flexisource/apps/carl-onboarding/node_modules/firebase-admin/lib/index.js\"}"}}
[debug] [2025-04-28T01:06:38.658Z] [runtime-status] [26117] Resolved module firebase-functions {"declared":true,"installed":true,"version":"6.3.2","resolution":"/Users/carlcarambas/Development/Flexisource/apps/carl-onboarding/node_modules/firebase-functions/lib/v2/index.js"} {"metadata":{"emulator":{"name":"functions"},"function":{"name":"us-central1-api"},"extension":{},"message":"[runtime-status] [26117] Resolved module firebase-functions {\"declared\":true,\"installed\":true,\"version\":\"6.3.2\",\"resolution\":\"/Users/carlcarambas/Development/Flexisource/apps/carl-onboarding/node_modules/firebase-functions/lib/v2/index.js\"}"}}
[debug] [2025-04-28T01:06:38.658Z] [runtime-status] [26117] Outgoing network have been stubbed. [{"name":"http","status":"mocked"},{"name":"http","status":"mocked"},{"name":"https","status":"mocked"},{"name":"https","status":"mocked"},{"name":"net","status":"mocked"}] {"metadata":{"emulator":{"name":"functions"},"function":{"name":"us-central1-api"},"extension":{},"message":"[runtime-status] [26117] Outgoing network have been stubbed. [{\"name\":\"http\",\"status\":\"mocked\"},{\"name\":\"http\",\"status\":\"mocked\"},{\"name\":\"https\",\"status\":\"mocked\"},{\"name\":\"https\",\"status\":\"mocked\"},{\"name\":\"net\",\"status\":\"mocked\"}]"}}
[debug] [2025-04-28T01:06:38.658Z] [runtime-status] [26117] Resolved module firebase-functions {"declared":true,"installed":true,"version":"6.3.2","resolution":"/Users/carlcarambas/Development/Flexisource/apps/carl-onboarding/node_modules/firebase-functions/lib/v2/index.js"} {"metadata":{"emulator":{"name":"functions"},"function":{"name":"us-central1-api"},"extension":{},"message":"[runtime-status] [26117] Resolved module firebase-functions {\"declared\":true,\"installed\":true,\"version\":\"6.3.2\",\"resolution\":\"/Users/carlcarambas/Development/Flexisource/apps/carl-onboarding/node_modules/firebase-functions/lib/v2/index.js\"}"}}
[debug] [2025-04-28T01:06:38.907Z] [runtime-status] [26117] Checked functions.config() {"config":{}} {"metadata":{"emulator":{"name":"functions"},"function":{"name":"us-central1-api"},"extension":{},"message":"[runtime-status] [26117] Checked functions.config() {\"config\":{}}"}}
[debug] [2025-04-28T01:06:38.907Z] [runtime-status] [26117] firebase-functions has been stubbed. {"functionsResolution":{"declared":true,"installed":true,"version":"6.3.2","resolution":"/Users/carlcarambas/Development/Flexisource/apps/carl-onboarding/node_modules/firebase-functions/lib/v2/index.js"}} {"metadata":{"emulator":{"name":"functions"},"function":{"name":"us-central1-api"},"extension":{},"message":"[runtime-status] [26117] firebase-functions has been stubbed. {\"functionsResolution\":{\"declared\":true,\"installed\":true,\"version\":\"6.3.2\",\"resolution\":\"/Users/carlcarambas/Development/Flexisource/apps/carl-onboarding/node_modules/firebase-functions/lib/v2/index.js\"}}"}}
[debug] [2025-04-28T01:06:38.908Z] [runtime-status] [26117] Resolved module firebase-functions {"declared":true,"installed":true,"version":"6.3.2","resolution":"/Users/carlcarambas/Development/Flexisource/apps/carl-onboarding/node_modules/firebase-functions/lib/v2/index.js"} {"metadata":{"emulator":{"name":"functions"},"function":{"name":"us-central1-api"},"extension":{},"message":"[runtime-status] [26117] Resolved module firebase-functions {\"declared\":true,\"installed\":true,\"version\":\"6.3.2\",\"resolution\":\"/Users/carlcarambas/Development/Flexisource/apps/carl-onboarding/node_modules/firebase-functions/lib/v2/index.js\"}"}}
[debug] [2025-04-28T01:06:38.910Z] [runtime-status] [26117] Resolved module firebase-admin {"declared":true,"installed":true,"version":"13.3.0","resolution":"/Users/carlcarambas/Development/Flexisource/apps/carl-onboarding/node_modules/firebase-admin/lib/index.js"} {"metadata":{"emulator":{"name":"functions"},"function":{"name":"us-central1-api"},"extension":{},"message":"[runtime-status] [26117] Resolved module firebase-admin {\"declared\":true,\"installed\":true,\"version\":\"13.3.0\",\"resolution\":\"/Users/carlcarambas/Development/Flexisource/apps/carl-onboarding/node_modules/firebase-admin/lib/index.js\"}"}}
[debug] [2025-04-28T01:06:38.912Z] [runtime-status] [26117] Resolved module firebase-functions {"declared":true,"installed":true,"version":"6.3.2","resolution":"/Users/carlcarambas/Development/Flexisource/apps/carl-onboarding/node_modules/firebase-functions/lib/v2/index.js"} {"metadata":{"emulator":{"name":"functions"},"function":{"name":"us-central1-api"},"extension":{},"message":"[runtime-status] [26117] Resolved module firebase-functions {\"declared\":true,\"installed\":true,\"version\":\"6.3.2\",\"resolution\":\"/Users/carlcarambas/Development/Flexisource/apps/carl-onboarding/node_modules/firebase-functions/lib/v2/index.js\"}"}}
[debug] [2025-04-28T01:06:38.912Z] [runtime-status] [26117] firebase-admin has been stubbed. {"adminResolution":{"declared":true,"installed":true,"version":"13.3.0","resolution":"/Users/carlcarambas/Development/Flexisource/apps/carl-onboarding/node_modules/firebase-admin/lib/index.js"}} {"metadata":{"emulator":{"name":"functions"},"function":{"name":"us-central1-api"},"extension":{},"message":"[runtime-status] [26117] firebase-admin has been stubbed. {\"adminResolution\":{\"declared\":true,\"installed\":true,\"version\":\"13.3.0\",\"resolution\":\"/Users/carlcarambas/Development/Flexisource/apps/carl-onboarding/node_modules/firebase-admin/lib/index.js\"}}"}}
[info] >  [Nest] 26117  - 04/28/2025, 1:06:39 AM     LOG 🚀 Starting firebase functions at api {"user":"\u001b[32m[Nest] 26117  - \u001b[39m04/28/2025, 1:06:39 AM \u001b[32m    LOG\u001b[39m \u001b[32m🚀 Starting firebase functions at api\u001b[39m","metadata":{"emulator":{"name":"functions"},"function":{"name":"us-central1-api"},"extension":{},"message":"\u001b[90m> \u001b[39m \u001b[32m[Nest] 26117  - \u001b[39m04/28/2025, 1:06:39 AM \u001b[32m    LOG\u001b[39m \u001b[32m🚀 Starting firebase functions at api\u001b[39m"}}
[info] >  [Nest] 26117  - 04/28/2025, 1:06:39 AM     LOG [NestFactory] Starting Nest application... +3ms {"user":"\u001b[32m[Nest] 26117  - \u001b[39m04/28/2025, 1:06:39 AM \u001b[32m    LOG\u001b[39m \u001b[38;5;3m[NestFactory] \u001b[39m\u001b[32mStarting Nest application...\u001b[39m\u001b[38;5;3m +3ms\u001b[39m","metadata":{"emulator":{"name":"functions"},"function":{"name":"us-central1-api"},"extension":{},"message":"\u001b[90m> \u001b[39m \u001b[32m[Nest] 26117  - \u001b[39m04/28/2025, 1:06:39 AM \u001b[32m    LOG\u001b[39m \u001b[38;5;3m[NestFactory] \u001b[39m\u001b[32mStarting Nest application...\u001b[39m\u001b[38;5;3m +3ms\u001b[39m"}}
[debug] [2025-04-28T01:06:39.240Z] [runtime-status] [26117] Functions runtime initialized. {"cwd":"/Users/carlcarambas/Development/Flexisource/apps/carl-onboarding/dist/apps/api","node_version":"20.18.2"} {"metadata":{"emulator":{"name":"functions"},"function":{"name":"us-central1-api"},"extension":{},"message":"[runtime-status] [26117] Functions runtime initialized. {\"cwd\":\"/Users/carlcarambas/Development/Flexisource/apps/carl-onboarding/dist/apps/api\",\"node_version\":\"20.18.2\"}"}}
[info] >  [Nest] 26117  - 04/28/2025, 1:06:39 AM     LOG [InjectorLogger] Resolving dependency Reflector in the Reflector provider (alias) {"user":"\u001b[32m[Nest] 26117  - \u001b[39m04/28/2025, 1:06:39 AM \u001b[32m    LOG\u001b[39m \u001b[38;5;3m[InjectorLogger] \u001b[39m\u001b[32mResolving dependency \u001b[96mReflector\u001b[39m\u001b[32m in the \u001b[39m\u001b[33mReflector\u001b[39m\u001b[32m provider (alias)\u001b[39m\u001b[39m","metadata":{"emulator":{"name":"functions"},"function":{"name":"us-central1-api"},"extension":{},"message":"\u001b[90m> \u001b[39m \u001b[32m[Nest] 26117  - \u001b[39m04/28/2025, 1:06:39 AM \u001b[32m    LOG\u001b[39m \u001b[38;5;3m[InjectorLogger] \u001b[39m\u001b[32mResolving dependency \u001b[96mReflector\u001b[39m\u001b[32m in the \u001b[39m\u001b[33mReflector\u001b[39m\u001b[32m provider (alias)\u001b[39m\u001b[39m"}}
[info] >  [Nest] 26117  - 04/28/2025, 1:06:39 AM     LOG [InjectorLogger] Looking for Reflector in InternalCoreModule {"user":"\u001b[32m[Nest] 26117  - \u001b[39m04/28/2025, 1:06:39 AM \u001b[32m    LOG\u001b[39m \u001b[38;5;3m[InjectorLogger] \u001b[39m\u001b[32mLooking for \u001b[96mReflector\u001b[39m\u001b[32m in \u001b[39m\u001b[95mInternalCoreModule\u001b[39m\u001b[39m","metadata":{"emulator":{"name":"functions"},"function":{"name":"us-central1-api"},"extension":{},"message":"\u001b[90m> \u001b[39m \u001b[32m[Nest] 26117  - \u001b[39m04/28/2025, 1:06:39 AM \u001b[32m    LOG\u001b[39m \u001b[38;5;3m[InjectorLogger] \u001b[39m\u001b[32mLooking for \u001b[96mReflector\u001b[39m\u001b[32m in \u001b[39m\u001b[95mInternalCoreModule\u001b[39m\u001b[39m"}}
[info] >  [Nest] 26117  - 04/28/2025, 1:06:39 AM     LOG [InjectorLogger] Found Reflector in InternalCoreModule {"user":"\u001b[32m[Nest] 26117  - \u001b[39m04/28/2025, 1:06:39 AM \u001b[32m    LOG\u001b[39m \u001b[38;5;3m[InjectorLogger] \u001b[39m\u001b[32mFound \u001b[96mReflector\u001b[39m\u001b[32m in \u001b[39m\u001b[95mInternalCoreModule\u001b[39m\u001b[39m","metadata":{"emulator":{"name":"functions"},"function":{"name":"us-central1-api"},"extension":{},"message":"\u001b[90m> \u001b[39m \u001b[32m[Nest] 26117  - \u001b[39m04/28/2025, 1:06:39 AM \u001b[32m    LOG\u001b[39m \u001b[38;5;3m[InjectorLogger] \u001b[39m\u001b[32mFound \u001b[96mReflector\u001b[39m\u001b[32m in \u001b[39m\u001b[95mInternalCoreModule\u001b[39m\u001b[39m"}}
[info] >  [Nest] 26117  - 04/28/2025, 1:06:39 AM     LOG [InjectorLogger] Resolving dependency PrismaService in the PigeonsService provider  {"user":"\u001b[32m[Nest] 26117  - \u001b[39m04/28/2025, 1:06:39 AM \u001b[32m    LOG\u001b[39m \u001b[38;5;3m[InjectorLogger] \u001b[39m\u001b[32mResolving dependency \u001b[96mPrismaService\u001b[39m\u001b[32m in the \u001b[39m\u001b[33mPigeonsService\u001b[39m\u001b[32m provider \u001b[39m\u001b[39m","metadata":{"emulator":{"name":"functions"},"function":{"name":"us-central1-api"},"extension":{},"message":"\u001b[90m> \u001b[39m \u001b[32m[Nest] 26117  - \u001b[39m04/28/2025, 1:06:39 AM \u001b[32m    LOG\u001b[39m \u001b[38;5;3m[InjectorLogger] \u001b[39m\u001b[32mResolving dependency \u001b[96mPrismaService\u001b[39m\u001b[32m in the \u001b[39m\u001b[33mPigeonsService\u001b[39m\u001b[32m provider \u001b[39m\u001b[39m"}}
[info] >  [Nest] 26117  - 04/28/2025, 1:06:39 AM     LOG [InjectorLogger] Looking for PrismaService in PigeonModule {"user":"\u001b[32m[Nest] 26117  - \u001b[39m04/28/2025, 1:06:39 AM \u001b[32m    LOG\u001b[39m \u001b[38;5;3m[InjectorLogger] \u001b[39m\u001b[32mLooking for \u001b[96mPrismaService\u001b[39m\u001b[32m in \u001b[39m\u001b[95mPigeonModule\u001b[39m\u001b[39m","metadata":{"emulator":{"name":"functions"},"function":{"name":"us-central1-api"},"extension":{},"message":"\u001b[90m> \u001b[39m \u001b[32m[Nest] 26117  - \u001b[39m04/28/2025, 1:06:39 AM \u001b[32m    LOG\u001b[39m \u001b[38;5;3m[InjectorLogger] \u001b[39m\u001b[32mLooking for \u001b[96mPrismaService\u001b[39m\u001b[32m in \u001b[39m\u001b[95mPigeonModule\u001b[39m\u001b[39m"}}
[info] >  [Nest] 26117  - 04/28/2025, 1:06:39 AM     LOG [InjectorLogger] Found PrismaService in PigeonModule {"user":"\u001b[32m[Nest] 26117  - \u001b[39m04/28/2025, 1:06:39 AM \u001b[32m    LOG\u001b[39m \u001b[38;5;3m[InjectorLogger] \u001b[39m\u001b[32mFound \u001b[96mPrismaService\u001b[39m\u001b[32m in \u001b[39m\u001b[95mPigeonModule\u001b[39m\u001b[39m","metadata":{"emulator":{"name":"functions"},"function":{"name":"us-central1-api"},"extension":{},"message":"\u001b[90m> \u001b[39m \u001b[32m[Nest] 26117  - \u001b[39m04/28/2025, 1:06:39 AM \u001b[32m    LOG\u001b[39m \u001b[38;5;3m[InjectorLogger] \u001b[39m\u001b[32mFound \u001b[96mPrismaService\u001b[39m\u001b[32m in \u001b[39m\u001b[95mPigeonModule\u001b[39m\u001b[39m"}}
[info] >  [Nest] 26117  - 04/28/2025, 1:06:39 AM     LOG [InjectorLogger] Resolving dependency Reflector in the TsRestHandlerInterceptor provider  {"user":"\u001b[32m[Nest] 26117  - \u001b[39m04/28/2025, 1:06:39 AM \u001b[32m    LOG\u001b[39m \u001b[38;5;3m[InjectorLogger] \u001b[39m\u001b[32mResolving dependency \u001b[96mReflector\u001b[39m\u001b[32m in the \u001b[39m\u001b[33mTsRestHandlerInterceptor\u001b[39m\u001b[32m provider \u001b[39m\u001b[39m","metadata":{"emulator":{"name":"functions"},"function":{"name":"us-central1-api"},"extension":{},"message":"\u001b[90m> \u001b[39m \u001b[32m[Nest] 26117  - \u001b[39m04/28/2025, 1:06:39 AM \u001b[32m    LOG\u001b[39m \u001b[38;5;3m[InjectorLogger] \u001b[39m\u001b[32mResolving dependency \u001b[96mReflector\u001b[39m\u001b[32m in the \u001b[39m\u001b[33mTsRestHandlerInterceptor\u001b[39m\u001b[32m provider \u001b[39m\u001b[39m"}}
[info] >  [Nest] 26117  - 04/28/2025, 1:06:39 AM     LOG [InjectorLogger] Looking for Reflector in AuthModule {"user":"\u001b[32m[Nest] 26117  - \u001b[39m04/28/2025, 1:06:39 AM \u001b[32m    LOG\u001b[39m \u001b[38;5;3m[InjectorLogger] \u001b[39m\u001b[32mLooking for \u001b[96mReflector\u001b[39m\u001b[32m in \u001b[39m\u001b[95mAuthModule\u001b[39m\u001b[39m","metadata":{"emulator":{"name":"functions"},"function":{"name":"us-central1-api"},"extension":{},"message":"\u001b[90m> \u001b[39m \u001b[32m[Nest] 26117  - \u001b[39m04/28/2025, 1:06:39 AM \u001b[32m    LOG\u001b[39m \u001b[38;5;3m[InjectorLogger] \u001b[39m\u001b[32mLooking for \u001b[96mReflector\u001b[39m\u001b[32m in \u001b[39m\u001b[95mAuthModule\u001b[39m\u001b[39m"}}
[info] >  [Nest] 26117  - 04/28/2025, 1:06:39 AM     LOG [InjectorLogger] Looking for Reflector in InternalCoreModule {"user":"\u001b[32m[Nest] 26117  - \u001b[39m04/28/2025, 1:06:39 AM \u001b[32m    LOG\u001b[39m \u001b[38;5;3m[InjectorLogger] \u001b[39m\u001b[32mLooking for \u001b[96mReflector\u001b[39m\u001b[32m in \u001b[39m\u001b[95mInternalCoreModule\u001b[39m\u001b[39m","metadata":{"emulator":{"name":"functions"},"function":{"name":"us-central1-api"},"extension":{},"message":"\u001b[90m> \u001b[39m \u001b[32m[Nest] 26117  - \u001b[39m04/28/2025, 1:06:39 AM \u001b[32m    LOG\u001b[39m \u001b[38;5;3m[InjectorLogger] \u001b[39m\u001b[32mLooking for \u001b[96mReflector\u001b[39m\u001b[32m in \u001b[39m\u001b[95mInternalCoreModule\u001b[39m\u001b[39m"}}
[info] >  [Nest] 26117  - 04/28/2025, 1:06:39 AM     LOG [InjectorLogger] Found Reflector in InternalCoreModule {"user":"\u001b[32m[Nest] 26117  - \u001b[39m04/28/2025, 1:06:39 AM \u001b[32m    LOG\u001b[39m \u001b[38;5;3m[InjectorLogger] \u001b[39m\u001b[32mFound \u001b[96mReflector\u001b[39m\u001b[32m in \u001b[39m\u001b[95mInternalCoreModule\u001b[39m\u001b[39m","metadata":{"emulator":{"name":"functions"},"function":{"name":"us-central1-api"},"extension":{},"message":"\u001b[90m> \u001b[39m \u001b[32m[Nest] 26117  - \u001b[39m04/28/2025, 1:06:39 AM \u001b[32m    LOG\u001b[39m \u001b[38;5;3m[InjectorLogger] \u001b[39m\u001b[32mFound \u001b[96mReflector\u001b[39m\u001b[32m in \u001b[39m\u001b[95mInternalCoreModule\u001b[39m\u001b[39m"}}
[info] >  [Nest] 26117  - 04/28/2025, 1:06:39 AM     LOG [InjectorLogger] Resolving dependency CONFIGURABLE_MODULE_OPTIONS[631c663e9defa227a5250] in the TsRestHandlerInterceptor provider  {"user":"\u001b[32m[Nest] 26117  - \u001b[39m04/28/2025, 1:06:39 AM \u001b[32m    LOG\u001b[39m \u001b[38;5;3m[InjectorLogger] \u001b[39m\u001b[32mResolving dependency \u001b[96mCONFIGURABLE_MODULE_OPTIONS[631c663e9defa227a5250]\u001b[39m\u001b[32m in the \u001b[39m\u001b[33mTsRestHandlerInterceptor\u001b[39m\u001b[32m provider \u001b[39m\u001b[39m","metadata":{"emulator":{"name":"functions"},"function":{"name":"us-central1-api"},"extension":{},"message":"\u001b[90m> \u001b[39m \u001b[32m[Nest] 26117  - \u001b[39m04/28/2025, 1:06:39 AM \u001b[32m    LOG\u001b[39m \u001b[38;5;3m[InjectorLogger] \u001b[39m\u001b[32mResolving dependency \u001b[96mCONFIGURABLE_MODULE_OPTIONS[631c663e9defa227a5250]\u001b[39m\u001b[32m in the \u001b[39m\u001b[33mTsRestHandlerInterceptor\u001b[39m\u001b[32m provider \u001b[39m\u001b[39m"}}
[info] >  [Nest] 26117  - 04/28/2025, 1:06:39 AM     LOG [InjectorLogger] Looking for CONFIGURABLE_MODULE_OPTIONS[631c663e9defa227a5250] in AuthModule {"user":"\u001b[32m[Nest] 26117  - \u001b[39m04/28/2025, 1:06:39 AM \u001b[32m    LOG\u001b[39m \u001b[38;5;3m[InjectorLogger] \u001b[39m\u001b[32mLooking for \u001b[96mCONFIGURABLE_MODULE_OPTIONS[631c663e9defa227a5250]\u001b[39m\u001b[32m in \u001b[39m\u001b[95mAuthModule\u001b[39m\u001b[39m","metadata":{"emulator":{"name":"functions"},"function":{"name":"us-central1-api"},"extension":{},"message":"\u001b[90m> \u001b[39m \u001b[32m[Nest] 26117  - \u001b[39m04/28/2025, 1:06:39 AM \u001b[32m    LOG\u001b[39m \u001b[38;5;3m[InjectorLogger] \u001b[39m\u001b[32mLooking for \u001b[96mCONFIGURABLE_MODULE_OPTIONS[631c663e9defa227a5250]\u001b[39m\u001b[32m in \u001b[39m\u001b[95mAuthModule\u001b[39m\u001b[39m"}}
[info] >  [Nest] 26117  - 04/28/2025, 1:06:39 AM     LOG [InjectorLogger] Looking for CONFIGURABLE_MODULE_OPTIONS[631c663e9defa227a5250] in InternalCoreModule {"user":"\u001b[32m[Nest] 26117  - \u001b[39m04/28/2025, 1:06:39 AM \u001b[32m    LOG\u001b[39m \u001b[38;5;3m[InjectorLogger] \u001b[39m\u001b[32mLooking for \u001b[96mCONFIGURABLE_MODULE_OPTIONS[631c663e9defa227a5250]\u001b[39m\u001b[32m in \u001b[39m\u001b[95mInternalCoreModule\u001b[39m\u001b[39m","metadata":{"emulator":{"name":"functions"},"function":{"name":"us-central1-api"},"extension":{},"message":"\u001b[90m> \u001b[39m \u001b[32m[Nest] 26117  - \u001b[39m04/28/2025, 1:06:39 AM \u001b[32m    LOG\u001b[39m \u001b[38;5;3m[InjectorLogger] \u001b[39m\u001b[32mLooking for \u001b[96mCONFIGURABLE_MODULE_OPTIONS[631c663e9defa227a5250]\u001b[39m\u001b[32m in \u001b[39m\u001b[95mInternalCoreModule\u001b[39m\u001b[39m"}}
[info] >  [Nest] 26117  - 04/28/2025, 1:06:39 AM     LOG [InjectorLogger] Resolving dependency AppService in the AppController provider  {"user":"\u001b[32m[Nest] 26117  - \u001b[39m04/28/2025, 1:06:39 AM \u001b[32m    LOG\u001b[39m \u001b[38;5;3m[InjectorLogger] \u001b[39m\u001b[32mResolving dependency \u001b[96mAppService\u001b[39m\u001b[32m in the \u001b[39m\u001b[33mAppController\u001b[39m\u001b[32m provider \u001b[39m\u001b[39m","metadata":{"emulator":{"name":"functions"},"function":{"name":"us-central1-api"},"extension":{},"message":"\u001b[90m> \u001b[39m \u001b[32m[Nest] 26117  - \u001b[39m04/28/2025, 1:06:39 AM \u001b[32m    LOG\u001b[39m \u001b[38;5;3m[InjectorLogger] \u001b[39m\u001b[32mResolving dependency \u001b[96mAppService\u001b[39m\u001b[32m in the \u001b[39m\u001b[33mAppController\u001b[39m\u001b[32m provider \u001b[39m\u001b[39m"}}
[info] >  [Nest] 26117  - 04/28/2025, 1:06:39 AM     LOG [InjectorLogger] Looking for AppService in AppModule {"user":"\u001b[32m[Nest] 26117  - \u001b[39m04/28/2025, 1:06:39 AM \u001b[32m    LOG\u001b[39m \u001b[38;5;3m[InjectorLogger] \u001b[39m\u001b[32mLooking for \u001b[96mAppService\u001b[39m\u001b[32m in \u001b[39m\u001b[95mAppModule\u001b[39m\u001b[39m","metadata":{"emulator":{"name":"functions"},"function":{"name":"us-central1-api"},"extension":{},"message":"\u001b[90m> \u001b[39m \u001b[32m[Nest] 26117  - \u001b[39m04/28/2025, 1:06:39 AM \u001b[32m    LOG\u001b[39m \u001b[38;5;3m[InjectorLogger] \u001b[39m\u001b[32mLooking for \u001b[96mAppService\u001b[39m\u001b[32m in \u001b[39m\u001b[95mAppModule\u001b[39m\u001b[39m"}}
[info] >  [Nest] 26117  - 04/28/2025, 1:06:39 AM     LOG [InjectorLogger] Found AppService in AppModule {"user":"\u001b[32m[Nest] 26117  - \u001b[39m04/28/2025, 1:06:39 AM \u001b[32m    LOG\u001b[39m \u001b[38;5;3m[InjectorLogger] \u001b[39m\u001b[32mFound \u001b[96mAppService\u001b[39m\u001b[32m in \u001b[39m\u001b[95mAppModule\u001b[39m\u001b[39m","metadata":{"emulator":{"name":"functions"},"function":{"name":"us-central1-api"},"extension":{},"message":"\u001b[90m> \u001b[39m \u001b[32m[Nest] 26117  - \u001b[39m04/28/2025, 1:06:39 AM \u001b[32m    LOG\u001b[39m \u001b[38;5;3m[InjectorLogger] \u001b[39m\u001b[32mFound \u001b[96mAppService\u001b[39m\u001b[32m in \u001b[39m\u001b[95mAppModule\u001b[39m\u001b[39m"}}
[info] >  [Nest] 26117  - 04/28/2025, 1:06:39 AM     LOG [InstanceLoader] PrismaModule dependencies initialized +11ms {"user":"\u001b[32m[Nest] 26117  - \u001b[39m04/28/2025, 1:06:39 AM \u001b[32m    LOG\u001b[39m \u001b[38;5;3m[InstanceLoader] \u001b[39m\u001b[32mPrismaModule dependencies initialized\u001b[39m\u001b[38;5;3m +11ms\u001b[39m","metadata":{"emulator":{"name":"functions"},"function":{"name":"us-central1-api"},"extension":{},"message":"\u001b[90m> \u001b[39m \u001b[32m[Nest] 26117  - \u001b[39m04/28/2025, 1:06:39 AM \u001b[32m    LOG\u001b[39m \u001b[38;5;3m[InstanceLoader] \u001b[39m\u001b[32mPrismaModule dependencies initialized\u001b[39m\u001b[38;5;3m +11ms\u001b[39m"}}
[info] >  [Nest] 26117  - 04/28/2025, 1:06:39 AM     LOG [InjectorLogger] Resolving dependency PigeonsService in the PigeonsController provider  {"user":"\u001b[32m[Nest] 26117  - \u001b[39m04/28/2025, 1:06:39 AM \u001b[32m    LOG\u001b[39m \u001b[38;5;3m[InjectorLogger] \u001b[39m\u001b[32mResolving dependency \u001b[96mPigeonsService\u001b[39m\u001b[32m in the \u001b[39m\u001b[33mPigeonsController\u001b[39m\u001b[32m provider \u001b[39m\u001b[39m","metadata":{"emulator":{"name":"functions"},"function":{"name":"us-central1-api"},"extension":{},"message":"\u001b[90m> \u001b[39m \u001b[32m[Nest] 26117  - \u001b[39m04/28/2025, 1:06:39 AM \u001b[32m    LOG\u001b[39m \u001b[38;5;3m[InjectorLogger] \u001b[39m\u001b[32mResolving dependency \u001b[96mPigeonsService\u001b[39m\u001b[32m in the \u001b[39m\u001b[33mPigeonsController\u001b[39m\u001b[32m provider \u001b[39m\u001b[39m"}}
[info] >  [Nest] 26117  - 04/28/2025, 1:06:39 AM     LOG [InjectorLogger] Looking for PigeonsService in PigeonModule {"user":"\u001b[32m[Nest] 26117  - \u001b[39m04/28/2025, 1:06:39 AM \u001b[32m    LOG\u001b[39m \u001b[38;5;3m[InjectorLogger] \u001b[39m\u001b[32mLooking for \u001b[96mPigeonsService\u001b[39m\u001b[32m in \u001b[39m\u001b[95mPigeonModule\u001b[39m\u001b[39m","metadata":{"emulator":{"name":"functions"},"function":{"name":"us-central1-api"},"extension":{},"message":"\u001b[90m> \u001b[39m \u001b[32m[Nest] 26117  - \u001b[39m04/28/2025, 1:06:39 AM \u001b[32m    LOG\u001b[39m \u001b[38;5;3m[InjectorLogger] \u001b[39m\u001b[32mLooking for \u001b[96mPigeonsService\u001b[39m\u001b[32m in \u001b[39m\u001b[95mPigeonModule\u001b[39m\u001b[39m"}}
[info] >  [Nest] 26117  - 04/28/2025, 1:06:39 AM     LOG [InjectorLogger] Found PigeonsService in PigeonModule {"user":"\u001b[32m[Nest] 26117  - \u001b[39m04/28/2025, 1:06:39 AM \u001b[32m    LOG\u001b[39m \u001b[38;5;3m[InjectorLogger] \u001b[39m\u001b[32mFound \u001b[96mPigeonsService\u001b[39m\u001b[32m in \u001b[39m\u001b[95mPigeonModule\u001b[39m\u001b[39m","metadata":{"emulator":{"name":"functions"},"function":{"name":"us-central1-api"},"extension":{},"message":"\u001b[90m> \u001b[39m \u001b[32m[Nest] 26117  - \u001b[39m04/28/2025, 1:06:39 AM \u001b[32m    LOG\u001b[39m \u001b[38;5;3m[InjectorLogger] \u001b[39m\u001b[32mFound \u001b[96mPigeonsService\u001b[39m\u001b[32m in \u001b[39m\u001b[95mPigeonModule\u001b[39m\u001b[39m"}}
[info] >  [Nest] 26117  - 04/28/2025, 1:06:39 AM     LOG [InjectorLogger] Resolving dependency AuthService in the AuthController provider  {"user":"\u001b[32m[Nest] 26117  - \u001b[39m04/28/2025, 1:06:39 AM \u001b[32m    LOG\u001b[39m \u001b[38;5;3m[InjectorLogger] \u001b[39m\u001b[32mResolving dependency \u001b[96mAuthService\u001b[39m\u001b[32m in the \u001b[39m\u001b[33mAuthController\u001b[39m\u001b[32m provider \u001b[39m\u001b[39m","metadata":{"emulator":{"name":"functions"},"function":{"name":"us-central1-api"},"extension":{},"message":"\u001b[90m> \u001b[39m \u001b[32m[Nest] 26117  - \u001b[39m04/28/2025, 1:06:39 AM \u001b[32m    LOG\u001b[39m \u001b[38;5;3m[InjectorLogger] \u001b[39m\u001b[32mResolving dependency \u001b[96mAuthService\u001b[39m\u001b[32m in the \u001b[39m\u001b[33mAuthController\u001b[39m\u001b[32m provider \u001b[39m\u001b[39m"}}
[info] >  [Nest] 26117  - 04/28/2025, 1:06:39 AM     LOG [InjectorLogger] Looking for AuthService in AuthModule {"user":"\u001b[32m[Nest] 26117  - \u001b[39m04/28/2025, 1:06:39 AM \u001b[32m    LOG\u001b[39m \u001b[38;5;3m[InjectorLogger] \u001b[39m\u001b[32mLooking for \u001b[96mAuthService\u001b[39m\u001b[32m in \u001b[39m\u001b[95mAuthModule\u001b[39m\u001b[39m","metadata":{"emulator":{"name":"functions"},"function":{"name":"us-central1-api"},"extension":{},"message":"\u001b[90m> \u001b[39m \u001b[32m[Nest] 26117  - \u001b[39m04/28/2025, 1:06:39 AM \u001b[32m    LOG\u001b[39m \u001b[38;5;3m[InjectorLogger] \u001b[39m\u001b[32mLooking for \u001b[96mAuthService\u001b[39m\u001b[32m in \u001b[39m\u001b[95mAuthModule\u001b[39m\u001b[39m"}}
[info] >  [Nest] 26117  - 04/28/2025, 1:06:39 AM     LOG [InjectorLogger] Found AuthService in AuthModule {"user":"\u001b[32m[Nest] 26117  - \u001b[39m04/28/2025, 1:06:39 AM \u001b[32m    LOG\u001b[39m \u001b[38;5;3m[InjectorLogger] \u001b[39m\u001b[32mFound \u001b[96mAuthService\u001b[39m\u001b[32m in \u001b[39m\u001b[95mAuthModule\u001b[39m\u001b[39m","metadata":{"emulator":{"name":"functions"},"function":{"name":"us-central1-api"},"extension":{},"message":"\u001b[90m> \u001b[39m \u001b[32m[Nest] 26117  - \u001b[39m04/28/2025, 1:06:39 AM \u001b[32m    LOG\u001b[39m \u001b[38;5;3m[InjectorLogger] \u001b[39m\u001b[32mFound \u001b[96mAuthService\u001b[39m\u001b[32m in \u001b[39m\u001b[95mAuthModule\u001b[39m\u001b[39m"}}
[info] >  [Nest] 26117  - 04/28/2025, 1:06:39 AM     LOG [InstanceLoader] AppModule dependencies initialized +0ms {"user":"\u001b[32m[Nest] 26117  - \u001b[39m04/28/2025, 1:06:39 AM \u001b[32m    LOG\u001b[39m \u001b[38;5;3m[InstanceLoader] \u001b[39m\u001b[32mAppModule dependencies initialized\u001b[39m\u001b[38;5;3m +0ms\u001b[39m","metadata":{"emulator":{"name":"functions"},"function":{"name":"us-central1-api"},"extension":{},"message":"\u001b[90m> \u001b[39m \u001b[32m[Nest] 26117  - \u001b[39m04/28/2025, 1:06:39 AM \u001b[32m    LOG\u001b[39m \u001b[38;5;3m[InstanceLoader] \u001b[39m\u001b[32mAppModule dependencies initialized\u001b[39m\u001b[38;5;3m +0ms\u001b[39m"}}
[info] >  [Nest] 26117  - 04/28/2025, 1:06:39 AM     LOG [AuthController] AuthController constructor {"user":"\u001b[32m[Nest] 26117  - \u001b[39m04/28/2025, 1:06:39 AM \u001b[32m    LOG\u001b[39m \u001b[38;5;3m[AuthController] \u001b[39m\u001b[32mAuthController constructor\u001b[39m","metadata":{"emulator":{"name":"functions"},"function":{"name":"us-central1-api"},"extension":{},"message":"\u001b[90m> \u001b[39m \u001b[32m[Nest] 26117  - \u001b[39m04/28/2025, 1:06:39 AM \u001b[32m    LOG\u001b[39m \u001b[38;5;3m[AuthController] \u001b[39m\u001b[32mAuthController constructor\u001b[39m"}}
[info] >  [Nest] 26117  - 04/28/2025, 1:06:39 AM     LOG [InstanceLoader] PigeonModule dependencies initialized +0ms {"user":"\u001b[32m[Nest] 26117  - \u001b[39m04/28/2025, 1:06:39 AM \u001b[32m    LOG\u001b[39m \u001b[38;5;3m[InstanceLoader] \u001b[39m\u001b[32mPigeonModule dependencies initialized\u001b[39m\u001b[38;5;3m +0ms\u001b[39m","metadata":{"emulator":{"name":"functions"},"function":{"name":"us-central1-api"},"extension":{},"message":"\u001b[90m> \u001b[39m \u001b[32m[Nest] 26117  - \u001b[39m04/28/2025, 1:06:39 AM \u001b[32m    LOG\u001b[39m \u001b[38;5;3m[InstanceLoader] \u001b[39m\u001b[32mPigeonModule dependencies initialized\u001b[39m\u001b[38;5;3m +0ms\u001b[39m"}}
[info] >  [Nest] 26117  - 04/28/2025, 1:06:39 AM     LOG [InstanceLoader] AuthModule dependencies initialized +0ms {"user":"\u001b[32m[Nest] 26117  - \u001b[39m04/28/2025, 1:06:39 AM \u001b[32m    LOG\u001b[39m \u001b[38;5;3m[InstanceLoader] \u001b[39m\u001b[32mAuthModule dependencies initialized\u001b[39m\u001b[38;5;3m +0ms\u001b[39m","metadata":{"emulator":{"name":"functions"},"function":{"name":"us-central1-api"},"extension":{},"message":"\u001b[90m> \u001b[39m \u001b[32m[Nest] 26117  - \u001b[39m04/28/2025, 1:06:39 AM \u001b[32m    LOG\u001b[39m \u001b[38;5;3m[InstanceLoader] \u001b[39m\u001b[32mAuthModule dependencies initialized\u001b[39m\u001b[38;5;3m +0ms\u001b[39m"}}
[info] >  [Nest] 26117  - 04/28/2025, 1:06:39 AM     LOG [RoutesResolver] AppController {/}: +6ms {"user":"\u001b[32m[Nest] 26117  - \u001b[39m04/28/2025, 1:06:39 AM \u001b[32m    LOG\u001b[39m \u001b[38;5;3m[RoutesResolver] \u001b[39m\u001b[32mAppController {/}:\u001b[39m\u001b[38;5;3m +6ms\u001b[39m","metadata":{"emulator":{"name":"functions"},"function":{"name":"us-central1-api"},"extension":{},"message":"\u001b[90m> \u001b[39m \u001b[32m[Nest] 26117  - \u001b[39m04/28/2025, 1:06:39 AM \u001b[32m    LOG\u001b[39m \u001b[38;5;3m[RoutesResolver] \u001b[39m\u001b[32mAppController {/}:\u001b[39m\u001b[38;5;3m +6ms\u001b[39m"}}
[info] >  [Nest] 26117  - 04/28/2025, 1:06:39 AM     LOG [RouterExplorer] Mapped {/, GET} route +2ms {"user":"\u001b[32m[Nest] 26117  - \u001b[39m04/28/2025, 1:06:39 AM \u001b[32m    LOG\u001b[39m \u001b[38;5;3m[RouterExplorer] \u001b[39m\u001b[32mMapped {/, GET} route\u001b[39m\u001b[38;5;3m +2ms\u001b[39m","metadata":{"emulator":{"name":"functions"},"function":{"name":"us-central1-api"},"extension":{},"message":"\u001b[90m> \u001b[39m \u001b[32m[Nest] 26117  - \u001b[39m04/28/2025, 1:06:39 AM \u001b[32m    LOG\u001b[39m \u001b[38;5;3m[RouterExplorer] \u001b[39m\u001b[32mMapped {/, GET} route\u001b[39m\u001b[38;5;3m +2ms\u001b[39m"}}
[info] >  [Nest] 26117  - 04/28/2025, 1:06:39 AM     LOG [RoutesResolver] PigeonsController {/pigeons}: +0ms {"user":"\u001b[32m[Nest] 26117  - \u001b[39m04/28/2025, 1:06:39 AM \u001b[32m    LOG\u001b[39m \u001b[38;5;3m[RoutesResolver] \u001b[39m\u001b[32mPigeonsController {/pigeons}:\u001b[39m\u001b[38;5;3m +0ms\u001b[39m","metadata":{"emulator":{"name":"functions"},"function":{"name":"us-central1-api"},"extension":{},"message":"\u001b[90m> \u001b[39m \u001b[32m[Nest] 26117  - \u001b[39m04/28/2025, 1:06:39 AM \u001b[32m    LOG\u001b[39m \u001b[38;5;3m[RoutesResolver] \u001b[39m\u001b[32mPigeonsController {/pigeons}:\u001b[39m\u001b[38;5;3m +0ms\u001b[39m"}}
[info] >  [Nest] 26117  - 04/28/2025, 1:06:39 AM     LOG [RouterExplorer] Mapped {/pigeons, POST} route +1ms {"user":"\u001b[32m[Nest] 26117  - \u001b[39m04/28/2025, 1:06:39 AM \u001b[32m    LOG\u001b[39m \u001b[38;5;3m[RouterExplorer] \u001b[39m\u001b[32mMapped {/pigeons, POST} route\u001b[39m\u001b[38;5;3m +1ms\u001b[39m","metadata":{"emulator":{"name":"functions"},"function":{"name":"us-central1-api"},"extension":{},"message":"\u001b[90m> \u001b[39m \u001b[32m[Nest] 26117  - \u001b[39m04/28/2025, 1:06:39 AM \u001b[32m    LOG\u001b[39m \u001b[38;5;3m[RouterExplorer] \u001b[39m\u001b[32mMapped {/pigeons, POST} route\u001b[39m\u001b[38;5;3m +1ms\u001b[39m"}}
[info] >  [Nest] 26117  - 04/28/2025, 1:06:39 AM     LOG [RouterExplorer] Mapped {/pigeons, GET} route +2ms {"user":"\u001b[32m[Nest] 26117  - \u001b[39m04/28/2025, 1:06:39 AM \u001b[32m    LOG\u001b[39m \u001b[38;5;3m[RouterExplorer] \u001b[39m\u001b[32mMapped {/pigeons, GET} route\u001b[39m\u001b[38;5;3m +2ms\u001b[39m","metadata":{"emulator":{"name":"functions"},"function":{"name":"us-central1-api"},"extension":{},"message":"\u001b[90m> \u001b[39m \u001b[32m[Nest] 26117  - \u001b[39m04/28/2025, 1:06:39 AM \u001b[32m    LOG\u001b[39m \u001b[38;5;3m[RouterExplorer] \u001b[39m\u001b[32mMapped {/pigeons, GET} route\u001b[39m\u001b[38;5;3m +2ms\u001b[39m"}}
[info] >  [Nest] 26117  - 04/28/2025, 1:06:39 AM     LOG [RouterExplorer] Mapped {/pigeons/:id, GET} route +1ms {"user":"\u001b[32m[Nest] 26117  - \u001b[39m04/28/2025, 1:06:39 AM \u001b[32m    LOG\u001b[39m \u001b[38;5;3m[RouterExplorer] \u001b[39m\u001b[32mMapped {/pigeons/:id, GET} route\u001b[39m\u001b[38;5;3m +1ms\u001b[39m","metadata":{"emulator":{"name":"functions"},"function":{"name":"us-central1-api"},"extension":{},"message":"\u001b[90m> \u001b[39m \u001b[32m[Nest] 26117  - \u001b[39m04/28/2025, 1:06:39 AM \u001b[32m    LOG\u001b[39m \u001b[38;5;3m[RouterExplorer] \u001b[39m\u001b[32mMapped {/pigeons/:id, GET} route\u001b[39m\u001b[38;5;3m +1ms\u001b[39m"}}
[info] >  [Nest] 26117  - 04/28/2025, 1:06:39 AM     LOG [RouterExplorer] Mapped {/pigeons/:id, PATCH} route +1ms {"user":"\u001b[32m[Nest] 26117  - \u001b[39m04/28/2025, 1:06:39 AM \u001b[32m    LOG\u001b[39m \u001b[38;5;3m[RouterExplorer] \u001b[39m\u001b[32mMapped {/pigeons/:id, PATCH} route\u001b[39m\u001b[38;5;3m +1ms\u001b[39m","metadata":{"emulator":{"name":"functions"},"function":{"name":"us-central1-api"},"extension":{},"message":"\u001b[90m> \u001b[39m \u001b[32m[Nest] 26117  - \u001b[39m04/28/2025, 1:06:39 AM \u001b[32m    LOG\u001b[39m \u001b[38;5;3m[RouterExplorer] \u001b[39m\u001b[32mMapped {/pigeons/:id, PATCH} route\u001b[39m\u001b[38;5;3m +1ms\u001b[39m"}}
[info] >  [Nest] 26117  - 04/28/2025, 1:06:39 AM     LOG [RouterExplorer] Mapped {/pigeons/:id, DELETE} route +1ms {"user":"\u001b[32m[Nest] 26117  - \u001b[39m04/28/2025, 1:06:39 AM \u001b[32m    LOG\u001b[39m \u001b[38;5;3m[RouterExplorer] \u001b[39m\u001b[32mMapped {/pigeons/:id, DELETE} route\u001b[39m\u001b[38;5;3m +1ms\u001b[39m","metadata":{"emulator":{"name":"functions"},"function":{"name":"us-central1-api"},"extension":{},"message":"\u001b[90m> \u001b[39m \u001b[32m[Nest] 26117  - \u001b[39m04/28/2025, 1:06:39 AM \u001b[32m    LOG\u001b[39m \u001b[38;5;3m[RouterExplorer] \u001b[39m\u001b[32mMapped {/pigeons/:id, DELETE} route\u001b[39m\u001b[38;5;3m +1ms\u001b[39m"}}
[info] >  [Nest] 26117  - 04/28/2025, 1:06:39 AM     LOG [RoutesResolver] AuthController {/auth}: +1ms {"user":"\u001b[32m[Nest] 26117  - \u001b[39m04/28/2025, 1:06:39 AM \u001b[32m    LOG\u001b[39m \u001b[38;5;3m[RoutesResolver] \u001b[39m\u001b[32mAuthController {/auth}:\u001b[39m\u001b[38;5;3m +1ms\u001b[39m","metadata":{"emulator":{"name":"functions"},"function":{"name":"us-central1-api"},"extension":{},"message":"\u001b[90m> \u001b[39m \u001b[32m[Nest] 26117  - \u001b[39m04/28/2025, 1:06:39 AM \u001b[32m    LOG\u001b[39m \u001b[38;5;3m[RoutesResolver] \u001b[39m\u001b[32mAuthController {/auth}:\u001b[39m\u001b[38;5;3m +1ms\u001b[39m"}}
[info] >  [Nest] 26117  - 04/28/2025, 1:06:39 AM     LOG [RouterExplorer] Mapped {/auth/login, POST} route +0ms {"user":"\u001b[32m[Nest] 26117  - \u001b[39m04/28/2025, 1:06:39 AM \u001b[32m    LOG\u001b[39m \u001b[38;5;3m[RouterExplorer] \u001b[39m\u001b[32mMapped {/auth/login, POST} route\u001b[39m\u001b[38;5;3m +0ms\u001b[39m","metadata":{"emulator":{"name":"functions"},"function":{"name":"us-central1-api"},"extension":{},"message":"\u001b[90m> \u001b[39m \u001b[32m[Nest] 26117  - \u001b[39m04/28/2025, 1:06:39 AM \u001b[32m    LOG\u001b[39m \u001b[38;5;3m[RouterExplorer] \u001b[39m\u001b[32mMapped {/auth/login, POST} route\u001b[39m\u001b[38;5;3m +0ms\u001b[39m"}}
[debug] [2025-04-28T01:06:39.317Z] [runtime-status] [26117] Listening to port: /var/folders/yl/5gkx8wds59x6c344rqjqc9t40000gq/T/fire_emu_2595091887f497b0.sock {"metadata":{"emulator":{"name":"functions"},"function":{"name":"us-central1-api"},"extension":{},"message":"[runtime-status] [26117] Listening to port: /var/folders/yl/5gkx8wds59x6c344rqjqc9t40000gq/T/fire_emu_2595091887f497b0.sock"}}
[debug] [2025-04-28T01:06:39.348Z] [worker-us-central1-api-ea69f319-f06d-4032-8def-68559a1e7849]: IDLE {"metadata":{"emulator":{"name":"functions"},"function":{"name":"us-central1-api"},"extension":{},"message":"[worker-us-central1-api-ea69f319-f06d-4032-8def-68559a1e7849]: IDLE"}}
[debug] [2025-04-28T01:06:39.348Z] [worker-pool] submitRequest(triggerId=us-central1-api) {"metadata":{"emulator":{"name":"functions"},"message":"[worker-pool] submitRequest(triggerId=us-central1-api)"}}
[info] i  functions: Beginning execution of "us-central1-api" {"metadata":{"emulator":{"name":"functions"},"function":{"name":"us-central1-api"},"extension":{},"message":"Beginning execution of \"us-central1-api\""}}
[debug] [2025-04-28T01:06:39.349Z] [worker-us-central1-api-ea69f319-f06d-4032-8def-68559a1e7849]: BUSY {"metadata":{"emulator":{"name":"functions"},"function":{"name":"us-central1-api"},"extension":{},"message":"[worker-us-central1-api-ea69f319-f06d-4032-8def-68559a1e7849]: BUSY"}}
[info] >  [Nest] 26117  - 04/28/2025, 1:06:39 AM     LOG [NestApplication] Nest application successfully started +99ms {"user":"\u001b[32m[Nest] 26117  - \u001b[39m04/28/2025, 1:06:39 AM \u001b[32m    LOG\u001b[39m \u001b[38;5;3m[NestApplication] \u001b[39m\u001b[32mNest application successfully started\u001b[39m\u001b[38;5;3m +99ms\u001b[39m","metadata":{"emulator":{"name":"functions"},"function":{"name":"us-central1-api"},"extension":{},"message":"\u001b[90m> \u001b[39m \u001b[32m[Nest] 26117  - \u001b[39m04/28/2025, 1:06:39 AM \u001b[32m    LOG\u001b[39m \u001b[38;5;3m[NestApplication] \u001b[39m\u001b[32mNest application successfully started\u001b[39m\u001b[38;5;3m +99ms\u001b[39m"}}
[info] >  [Nest] 26117  - 04/28/2025, 1:06:39 AM     LOG 🚀 Starting firebase functions {"user":"\u001b[32m[Nest] 26117  - \u001b[39m04/28/2025, 1:06:39 AM \u001b[32m    LOG\u001b[39m \u001b[32m🚀 Starting firebase functions\u001b[39m","metadata":{"emulator":{"name":"functions"},"function":{"name":"us-central1-api"},"extension":{},"message":"\u001b[90m> \u001b[39m \u001b[32m[Nest] 26117  - \u001b[39m04/28/2025, 1:06:39 AM \u001b[32m    LOG\u001b[39m \u001b[32m🚀 Starting firebase functions\u001b[39m"}}
[debug] [2025-04-28T01:06:40.012Z] Finishing up request with event=pause {"metadata":{"emulator":{"name":"functions"},"function":{"name":"us-central1-api"},"extension":{},"message":"Finishing up request with event=pause"}}
[info] i  functions: Finished "us-central1-api" in 663.306125ms {"metadata":{"emulator":{"name":"functions"},"function":{"name":"us-central1-api"},"extension":{},"message":"Finished \"us-central1-api\" in 663.306125ms"}}
[debug] [2025-04-28T01:06:40.013Z] [worker-us-central1-api-ea69f319-f06d-4032-8def-68559a1e7849]: IDLE {"metadata":{"emulator":{"name":"functions"},"function":{"name":"us-central1-api"},"extension":{},"message":"[worker-us-central1-api-ea69f319-f06d-4032-8def-68559a1e7849]: IDLE"}}
[debug] [2025-04-28T01:06:40.013Z] Finishing up request with event=finish {"metadata":{"emulator":{"name":"functions"},"function":{"name":"us-central1-api"},"extension":{},"message":"Finishing up request with event=finish"}}
[debug] [2025-04-28T01:06:40.013Z] Finishing up request with event=close {"metadata":{"emulator":{"name":"functions"},"function":{"name":"us-central1-api"},"extension":{},"message":"Finishing up request with event=close"}}
[debug] [2025-04-28T01:06:40.013Z] [work-queue] {"queuedWork":[],"queueLength":0,"runningWork":[],"workRunningCount":0}
